Time:2015/6/13 21:26:01-Sql>>Error:MySql.Data.MySqlClient.MySqlException (0x80004005): Column 'FriendID' cannot be null
   在 MySql.Data.MySqlClient.MySqlStream.ReadPacket()
   在 MySql.Data.MySqlClient.NativeDriver.GetResult(Int32& affectedRow, Int64& insertedId)
   在 MySql.Data.MySqlClient.Driver.GetResult(Int32 statementId, Int32& affectedRows, Int64& insertedId)
   在 MySql.Data.MySqlClient.Driver.NextResult(Int32 statementId, Boolean force)
   在 MySql.Data.MySqlClient.MySqlDataReader.NextResult()
   在 MySql.Data.MySqlClient.MySqlCommand.ExecuteReader(CommandBehavior behavior)
   在 MySql.Data.MySqlClient.MySqlCommand.ExecuteReader()
   在 MySql.Data.MySqlClient.MySqlCommand.ExecuteNonQuery()
   在 MySql.Data.MySqlClient.MySqlHelper.ExecuteNonQuery(MySqlConnection connection, String commandText, MySqlParameter[] commandParameters)
   在 MySql.Data.MySqlClient.MySqlHelper.ExecuteNonQuery(String connectionString, String commandText, MySqlParameter[] parms)
   在 ZyGames.Framework.Data.MySql.MySqlDataProvider.ExecuteQuery(CommandType commandType, String commandText, IDataParameter[] parameters)
   在 ZyGames.Framework.Data.SqlStatementManager.DoProcessSqlSyncQueue(String workingKey, Byte[][] bufferBytes)
Sql>>
INSERT INTO `UserFriends`(`UserID`,`FriendID`,`FriendType`,`ChatTime`,`FightTime`)VALUES(?UserID,?FriendID,?FriendType,?ChatTime,?FightTime)
 ON DUPLICATE KEY UPDATE `FriendType` = ?FriendType,`ChatTime` = ?ChatTime,`FightTime` = ?FightTime


Time:2015/6/13 21:27:17-Sql>>Error:MySql.Data.MySqlClient.MySqlException (0x80004005): Column 'FriendID' cannot be null
   在 MySql.Data.MySqlClient.MySqlStream.ReadPacket()
   在 MySql.Data.MySqlClient.NativeDriver.GetResult(Int32& affectedRow, Int64& insertedId)
   在 MySql.Data.MySqlClient.Driver.GetResult(Int32 statementId, Int32& affectedRows, Int64& insertedId)
   在 MySql.Data.MySqlClient.Driver.NextResult(Int32 statementId, Boolean force)
   在 MySql.Data.MySqlClient.MySqlDataReader.NextResult()
   在 MySql.Data.MySqlClient.MySqlCommand.ExecuteReader(CommandBehavior behavior)
   在 MySql.Data.MySqlClient.MySqlCommand.ExecuteReader()
   在 MySql.Data.MySqlClient.MySqlCommand.ExecuteNonQuery()
   在 MySql.Data.MySqlClient.MySqlHelper.ExecuteNonQuery(MySqlConnection connection, String commandText, MySqlParameter[] commandParameters)
   在 MySql.Data.MySqlClient.MySqlHelper.ExecuteNonQuery(String connectionString, String commandText, MySqlParameter[] parms)
   在 ZyGames.Framework.Data.MySql.MySqlDataProvider.ExecuteQuery(CommandType commandType, String commandText, IDataParameter[] parameters)
   在 ZyGames.Framework.Data.SqlStatementManager.DoProcessSqlSyncQueue(String workingKey, Byte[][] bufferBytes)
Sql>>
INSERT INTO `UserFriends`(`UserID`,`FriendID`,`FriendType`,`ChatTime`,`FightTime`)VALUES(?UserID,?FriendID,?FriendType,?ChatTime,?FightTime)
 ON DUPLICATE KEY UPDATE `FriendType` = ?FriendType,`ChatTime` = ?ChatTime,`FightTime` = ?FightTime


Time:2015/6/13 21:28:02-Sql>>Error:MySql.Data.MySqlClient.MySqlException (0x80004005): Column 'FriendID' cannot be null
   在 MySql.Data.MySqlClient.MySqlStream.ReadPacket()
   在 MySql.Data.MySqlClient.NativeDriver.GetResult(Int32& affectedRow, Int64& insertedId)
   在 MySql.Data.MySqlClient.Driver.GetResult(Int32 statementId, Int32& affectedRows, Int64& insertedId)
   在 MySql.Data.MySqlClient.Driver.NextResult(Int32 statementId, Boolean force)
   在 MySql.Data.MySqlClient.MySqlDataReader.NextResult()
   在 MySql.Data.MySqlClient.MySqlCommand.ExecuteReader(CommandBehavior behavior)
   在 MySql.Data.MySqlClient.MySqlCommand.ExecuteReader()
   在 MySql.Data.MySqlClient.MySqlCommand.ExecuteNonQuery()
   在 MySql.Data.MySqlClient.MySqlHelper.ExecuteNonQuery(MySqlConnection connection, String commandText, MySqlParameter[] commandParameters)
   在 MySql.Data.MySqlClient.MySqlHelper.ExecuteNonQuery(String connectionString, String commandText, MySqlParameter[] parms)
   在 ZyGames.Framework.Data.MySql.MySqlDataProvider.ExecuteQuery(CommandType commandType, String commandText, IDataParameter[] parameters)
   在 ZyGames.Framework.Data.SqlStatementManager.DoProcessSqlSyncQueue(String workingKey, Byte[][] bufferBytes)
Sql>>
INSERT INTO `UserFriends`(`UserID`,`FriendID`,`FriendType`,`ChatTime`,`FightTime`)VALUES(?UserID,?FriendID,?FriendType,?ChatTime,?FightTime)
 ON DUPLICATE KEY UPDATE `FriendType` = ?FriendType,`ChatTime` = ?ChatTime,`FightTime` = ?FightTime


Time:2015/6/13 21:32:19-Sql>>Error:MySql.Data.MySqlClient.MySqlException (0x80004005): Column 'FriendID' cannot be null
   在 MySql.Data.MySqlClient.MySqlStream.ReadPacket()
   在 MySql.Data.MySqlClient.NativeDriver.GetResult(Int32& affectedRow, Int64& insertedId)
   在 MySql.Data.MySqlClient.Driver.GetResult(Int32 statementId, Int32& affectedRows, Int64& insertedId)
   在 MySql.Data.MySqlClient.Driver.NextResult(Int32 statementId, Boolean force)
   在 MySql.Data.MySqlClient.MySqlDataReader.NextResult()
   在 MySql.Data.MySqlClient.MySqlCommand.ExecuteReader(CommandBehavior behavior)
   在 MySql.Data.MySqlClient.MySqlCommand.ExecuteReader()
   在 MySql.Data.MySqlClient.MySqlCommand.ExecuteNonQuery()
   在 MySql.Data.MySqlClient.MySqlHelper.ExecuteNonQuery(MySqlConnection connection, String commandText, MySqlParameter[] commandParameters)
   在 MySql.Data.MySqlClient.MySqlHelper.ExecuteNonQuery(String connectionString, String commandText, MySqlParameter[] parms)
   在 ZyGames.Framework.Data.MySql.MySqlDataProvider.ExecuteQuery(CommandType commandType, String commandText, IDataParameter[] parameters)
   在 ZyGames.Framework.Data.SqlStatementManager.DoProcessSqlSyncQueue(String workingKey, Byte[][] bufferBytes)
Sql>>
INSERT INTO `UserFriends`(`UserID`,`FriendID`,`FriendType`,`ChatTime`,`FightTime`)VALUES(?UserID,?FriendID,?FriendType,?ChatTime,?FightTime)
 ON DUPLICATE KEY UPDATE `FriendType` = ?FriendType,`ChatTime` = ?ChatTime,`FightTime` = ?FightTime


Time:2015/6/13 21:37:18-Sql>>Error:MySql.Data.MySqlClient.MySqlException (0x80004005): Column 'FriendID' cannot be null
   在 MySql.Data.MySqlClient.MySqlStream.ReadPacket()
   在 MySql.Data.MySqlClient.NativeDriver.GetResult(Int32& affectedRow, Int64& insertedId)
   在 MySql.Data.MySqlClient.Driver.GetResult(Int32 statementId, Int32& affectedRows, Int64& insertedId)
   在 MySql.Data.MySqlClient.Driver.NextResult(Int32 statementId, Boolean force)
   在 MySql.Data.MySqlClient.MySqlDataReader.NextResult()
   在 MySql.Data.MySqlClient.MySqlCommand.ExecuteReader(CommandBehavior behavior)
   在 MySql.Data.MySqlClient.MySqlCommand.ExecuteReader()
   在 MySql.Data.MySqlClient.MySqlCommand.ExecuteNonQuery()
   在 MySql.Data.MySqlClient.MySqlHelper.ExecuteNonQuery(MySqlConnection connection, String commandText, MySqlParameter[] commandParameters)
   在 MySql.Data.MySqlClient.MySqlHelper.ExecuteNonQuery(String connectionString, String commandText, MySqlParameter[] parms)
   在 ZyGames.Framework.Data.MySql.MySqlDataProvider.ExecuteQuery(CommandType commandType, String commandText, IDataParameter[] parameters)
   在 ZyGames.Framework.Data.SqlStatementManager.DoProcessSqlSyncQueue(String workingKey, Byte[][] bufferBytes)
Sql>>
INSERT INTO `UserFriends`(`UserID`,`FriendID`,`FriendType`,`ChatTime`,`FightTime`)VALUES(?UserID,?FriendID,?FriendType,?ChatTime,?FightTime)
 ON DUPLICATE KEY UPDATE `FriendType` = ?FriendType,`ChatTime` = ?ChatTime,`FightTime` = ?FightTime


Time:2015/6/13 21:41:28-Sql>>Error:MySql.Data.MySqlClient.MySqlException (0x80004005): Column 'FriendID' cannot be null
   在 MySql.Data.MySqlClient.MySqlStream.ReadPacket()
   在 MySql.Data.MySqlClient.NativeDriver.GetResult(Int32& affectedRow, Int64& insertedId)
   在 MySql.Data.MySqlClient.Driver.GetResult(Int32 statementId, Int32& affectedRows, Int64& insertedId)
   在 MySql.Data.MySqlClient.Driver.NextResult(Int32 statementId, Boolean force)
   在 MySql.Data.MySqlClient.MySqlDataReader.NextResult()
   在 MySql.Data.MySqlClient.MySqlCommand.ExecuteReader(CommandBehavior behavior)
   在 MySql.Data.MySqlClient.MySqlCommand.ExecuteReader()
   在 MySql.Data.MySqlClient.MySqlCommand.ExecuteNonQuery()
   在 MySql.Data.MySqlClient.MySqlHelper.ExecuteNonQuery(MySqlConnection connection, String commandText, MySqlParameter[] commandParameters)
   在 MySql.Data.MySqlClient.MySqlHelper.ExecuteNonQuery(String connectionString, String commandText, MySqlParameter[] parms)
   在 ZyGames.Framework.Data.MySql.MySqlDataProvider.ExecuteQuery(CommandType commandType, String commandText, IDataParameter[] parameters)
   在 ZyGames.Framework.Data.SqlStatementManager.DoProcessSqlSyncQueue(String workingKey, Byte[][] bufferBytes)
Sql>>
INSERT INTO `UserFriends`(`UserID`,`FriendID`,`FriendType`,`ChatTime`,`FightTime`)VALUES(?UserID,?FriendID,?FriendType,?ChatTime,?FightTime)
 ON DUPLICATE KEY UPDATE `FriendType` = ?FriendType,`ChatTime` = ?ChatTime,`FightTime` = ?FightTime


Time:2015/6/13 21:44:22-Sql>>Error:MySql.Data.MySqlClient.MySqlException (0x80004005): Column 'FriendID' cannot be null
   在 MySql.Data.MySqlClient.MySqlStream.ReadPacket()
   在 MySql.Data.MySqlClient.NativeDriver.GetResult(Int32& affectedRow, Int64& insertedId)
   在 MySql.Data.MySqlClient.Driver.GetResult(Int32 statementId, Int32& affectedRows, Int64& insertedId)
   在 MySql.Data.MySqlClient.Driver.NextResult(Int32 statementId, Boolean force)
   在 MySql.Data.MySqlClient.MySqlDataReader.NextResult()
   在 MySql.Data.MySqlClient.MySqlCommand.ExecuteReader(CommandBehavior behavior)
   在 MySql.Data.MySqlClient.MySqlCommand.ExecuteReader()
   在 MySql.Data.MySqlClient.MySqlCommand.ExecuteNonQuery()
   在 MySql.Data.MySqlClient.MySqlHelper.ExecuteNonQuery(MySqlConnection connection, String commandText, MySqlParameter[] commandParameters)
   在 MySql.Data.MySqlClient.MySqlHelper.ExecuteNonQuery(String connectionString, String commandText, MySqlParameter[] parms)
   在 ZyGames.Framework.Data.MySql.MySqlDataProvider.ExecuteQuery(CommandType commandType, String commandText, IDataParameter[] parameters)
   在 ZyGames.Framework.Data.SqlStatementManager.DoProcessSqlSyncQueue(String workingKey, Byte[][] bufferBytes)
Sql>>
INSERT INTO `UserFriends`(`UserID`,`FriendID`,`FriendType`,`ChatTime`,`FightTime`)VALUES(?UserID,?FriendID,?FriendType,?ChatTime,?FightTime)
 ON DUPLICATE KEY UPDATE `FriendType` = ?FriendType,`ChatTime` = ?ChatTime,`FightTime` = ?FightTime


Time:2015/6/13 21:46:17-Sql>>Error:MySql.Data.MySqlClient.MySqlException (0x80004005): Column 'FriendID' cannot be null
   在 MySql.Data.MySqlClient.MySqlStream.ReadPacket()
   在 MySql.Data.MySqlClient.NativeDriver.GetResult(Int32& affectedRow, Int64& insertedId)
   在 MySql.Data.MySqlClient.Driver.GetResult(Int32 statementId, Int32& affectedRows, Int64& insertedId)
   在 MySql.Data.MySqlClient.Driver.NextResult(Int32 statementId, Boolean force)
   在 MySql.Data.MySqlClient.MySqlDataReader.NextResult()
   在 MySql.Data.MySqlClient.MySqlCommand.ExecuteReader(CommandBehavior behavior)
   在 MySql.Data.MySqlClient.MySqlCommand.ExecuteReader()
   在 MySql.Data.MySqlClient.MySqlCommand.ExecuteNonQuery()
   在 MySql.Data.MySqlClient.MySqlHelper.ExecuteNonQuery(MySqlConnection connection, String commandText, MySqlParameter[] commandParameters)
   在 MySql.Data.MySqlClient.MySqlHelper.ExecuteNonQuery(String connectionString, String commandText, MySqlParameter[] parms)
   在 ZyGames.Framework.Data.MySql.MySqlDataProvider.ExecuteQuery(CommandType commandType, String commandText, IDataParameter[] parameters)
   在 ZyGames.Framework.Data.SqlStatementManager.DoProcessSqlSyncQueue(String workingKey, Byte[][] bufferBytes)
Sql>>
INSERT INTO `UserFriends`(`UserID`,`FriendID`,`FriendType`,`ChatTime`,`FightTime`)VALUES(?UserID,?FriendID,?FriendType,?ChatTime,?FightTime)
 ON DUPLICATE KEY UPDATE `FriendType` = ?FriendType,`ChatTime` = ?ChatTime,`FightTime` = ?FightTime


Time:2015/6/13 21:47:36-Sql>>Error:MySql.Data.MySqlClient.MySqlException (0x80004005): Column 'FriendID' cannot be null
   在 MySql.Data.MySqlClient.MySqlStream.ReadPacket()
   在 MySql.Data.MySqlClient.NativeDriver.GetResult(Int32& affectedRow, Int64& insertedId)
   在 MySql.Data.MySqlClient.Driver.GetResult(Int32 statementId, Int32& affectedRows, Int64& insertedId)
   在 MySql.Data.MySqlClient.Driver.NextResult(Int32 statementId, Boolean force)
   在 MySql.Data.MySqlClient.MySqlDataReader.NextResult()
   在 MySql.Data.MySqlClient.MySqlCommand.ExecuteReader(CommandBehavior behavior)
   在 MySql.Data.MySqlClient.MySqlCommand.ExecuteReader()
   在 MySql.Data.MySqlClient.MySqlCommand.ExecuteNonQuery()
   在 MySql.Data.MySqlClient.MySqlHelper.ExecuteNonQuery(MySqlConnection connection, String commandText, MySqlParameter[] commandParameters)
   在 MySql.Data.MySqlClient.MySqlHelper.ExecuteNonQuery(String connectionString, String commandText, MySqlParameter[] parms)
   在 ZyGames.Framework.Data.MySql.MySqlDataProvider.ExecuteQuery(CommandType commandType, String commandText, IDataParameter[] parameters)
   在 ZyGames.Framework.Data.SqlStatementManager.DoProcessSqlSyncQueue(String workingKey, Byte[][] bufferBytes)
Sql>>
INSERT INTO `UserFriends`(`UserID`,`FriendID`,`FriendType`,`ChatTime`,`FightTime`)VALUES(?UserID,?FriendID,?FriendType,?ChatTime,?FightTime)
 ON DUPLICATE KEY UPDATE `FriendType` = ?FriendType,`ChatTime` = ?ChatTime,`FightTime` = ?FightTime


Time:2015/6/13 21:49:27-Sql>>Error:MySql.Data.MySqlClient.MySqlException (0x80004005): Column 'FriendID' cannot be null
   在 MySql.Data.MySqlClient.MySqlStream.ReadPacket()
   在 MySql.Data.MySqlClient.NativeDriver.GetResult(Int32& affectedRow, Int64& insertedId)
   在 MySql.Data.MySqlClient.Driver.GetResult(Int32 statementId, Int32& affectedRows, Int64& insertedId)
   在 MySql.Data.MySqlClient.Driver.NextResult(Int32 statementId, Boolean force)
   在 MySql.Data.MySqlClient.MySqlDataReader.NextResult()
   在 MySql.Data.MySqlClient.MySqlCommand.ExecuteReader(CommandBehavior behavior)
   在 MySql.Data.MySqlClient.MySqlCommand.ExecuteReader()
   在 MySql.Data.MySqlClient.MySqlCommand.ExecuteNonQuery()
   在 MySql.Data.MySqlClient.MySqlHelper.ExecuteNonQuery(MySqlConnection connection, String commandText, MySqlParameter[] commandParameters)
   在 MySql.Data.MySqlClient.MySqlHelper.ExecuteNonQuery(String connectionString, String commandText, MySqlParameter[] parms)
   在 ZyGames.Framework.Data.MySql.MySqlDataProvider.ExecuteQuery(CommandType commandType, String commandText, IDataParameter[] parameters)
   在 ZyGames.Framework.Data.SqlStatementManager.DoProcessSqlSyncQueue(String workingKey, Byte[][] bufferBytes)
Sql>>
INSERT INTO `UserFriends`(`UserID`,`FriendID`,`FriendType`,`ChatTime`,`FightTime`)VALUES(?UserID,?FriendID,?FriendType,?ChatTime,?FightTime)
 ON DUPLICATE KEY UPDATE `FriendType` = ?FriendType,`ChatTime` = ?ChatTime,`FightTime` = ?FightTime


Time:2015/6/13 21:50:00-Sql>>Error:MySql.Data.MySqlClient.MySqlException (0x80004005): Column 'FriendID' cannot be null
   在 MySql.Data.MySqlClient.MySqlStream.ReadPacket()
   在 MySql.Data.MySqlClient.NativeDriver.GetResult(Int32& affectedRow, Int64& insertedId)
   在 MySql.Data.MySqlClient.Driver.GetResult(Int32 statementId, Int32& affectedRows, Int64& insertedId)
   在 MySql.Data.MySqlClient.Driver.NextResult(Int32 statementId, Boolean force)
   在 MySql.Data.MySqlClient.MySqlDataReader.NextResult()
   在 MySql.Data.MySqlClient.MySqlCommand.ExecuteReader(CommandBehavior behavior)
   在 MySql.Data.MySqlClient.MySqlCommand.ExecuteReader()
   在 MySql.Data.MySqlClient.MySqlCommand.ExecuteNonQuery()
   在 MySql.Data.MySqlClient.MySqlHelper.ExecuteNonQuery(MySqlConnection connection, String commandText, MySqlParameter[] commandParameters)
   在 MySql.Data.MySqlClient.MySqlHelper.ExecuteNonQuery(String connectionString, String commandText, MySqlParameter[] parms)
   在 ZyGames.Framework.Data.MySql.MySqlDataProvider.ExecuteQuery(CommandType commandType, String commandText, IDataParameter[] parameters)
   在 ZyGames.Framework.Data.SqlStatementManager.DoProcessSqlSyncQueue(String workingKey, Byte[][] bufferBytes)
Sql>>
INSERT INTO `UserFriends`(`UserID`,`FriendID`,`FriendType`,`ChatTime`,`FightTime`)VALUES(?UserID,?FriendID,?FriendType,?ChatTime,?FightTime)
 ON DUPLICATE KEY UPDATE `FriendType` = ?FriendType,`ChatTime` = ?ChatTime,`FightTime` = ?FightTime


Time:2015/6/13 21:56:52-Sql>>Error:MySql.Data.MySqlClient.MySqlException (0x80004005): Column 'FriendID' cannot be null
   在 MySql.Data.MySqlClient.MySqlStream.ReadPacket()
   在 MySql.Data.MySqlClient.NativeDriver.GetResult(Int32& affectedRow, Int64& insertedId)
   在 MySql.Data.MySqlClient.Driver.GetResult(Int32 statementId, Int32& affectedRows, Int64& insertedId)
   在 MySql.Data.MySqlClient.Driver.NextResult(Int32 statementId, Boolean force)
   在 MySql.Data.MySqlClient.MySqlDataReader.NextResult()
   在 MySql.Data.MySqlClient.MySqlCommand.ExecuteReader(CommandBehavior behavior)
   在 MySql.Data.MySqlClient.MySqlCommand.ExecuteReader()
   在 MySql.Data.MySqlClient.MySqlCommand.ExecuteNonQuery()
   在 MySql.Data.MySqlClient.MySqlHelper.ExecuteNonQuery(MySqlConnection connection, String commandText, MySqlParameter[] commandParameters)
   在 MySql.Data.MySqlClient.MySqlHelper.ExecuteNonQuery(String connectionString, String commandText, MySqlParameter[] parms)
   在 ZyGames.Framework.Data.MySql.MySqlDataProvider.ExecuteQuery(CommandType commandType, String commandText, IDataParameter[] parameters)
   在 ZyGames.Framework.Data.SqlStatementManager.DoProcessSqlSyncQueue(String workingKey, Byte[][] bufferBytes)
Sql>>
INSERT INTO `UserFriends`(`UserID`,`FriendID`,`FriendType`,`ChatTime`,`FightTime`)VALUES(?UserID,?FriendID,?FriendType,?ChatTime,?FightTime)
 ON DUPLICATE KEY UPDATE `FriendType` = ?FriendType,`ChatTime` = ?ChatTime,`FightTime` = ?FightTime


